BL51 BANKED LINKER/LOCATER V6.22                                                        05/08/2018  13:06:08  PAGE 1


BL51 BANKED LINKER/LOCATER V6.22, INVOKED BY:
E:\KEIL\C51\BIN\BL51.EXE STARTUP.obj, 1616211014ºæÃÏ”Ó.obj TO 16°¡16µ„’Û RAMSIZE (256)


MEMORY MODEL: SMALL


INPUT MODULES INCLUDED:
  STARTUP.obj (?C_STARTUP)
  1616211014ºæÃÏ”Ó.obj (1616211014ºæÃÏ”Ó)
  E:\KEIL\C51\LIB\C51S.LIB (?C?CLDOPTR)
  E:\KEIL\C51\LIB\C51S.LIB (?C?OFFXADD)


LINK MAP OF MODULE:  16°¡16µ„’Û (?C_STARTUP)


            TYPE    BASE      LENGTH    RELOCATION   SEGMENT NAME
            -----------------------------------------------------

            * * * * * * *   D A T A   M E M O R Y   * * * * * * *
            REG     0000H     0008H     ABSOLUTE     "REG BANK 0"
            DATA    0008H     0004H     UNIT         ?DT?1616211014ºæÃÏ”Ó
            DATA    000CH     0004H     UNIT         _DATA_GROUP_
            IDATA   0010H     0001H     UNIT         ?STACK

            * * * * * * *   C O D E   M E M O R Y   * * * * * * *
            CODE    0000H     0003H     ABSOLUTE     
                    0003H     0008H                  *** GAP ***
            CODE    000BH     0003H     ABSOLUTE     
            CODE    000EH     0180H     UNIT         ?CO?1616211014ºæÃÏ”Ó
            CODE    018EH     00D2H     UNIT         ?PR?MAIN?1616211014ºæÃÏ”Ó
            CODE    0260H     003BH     UNIT         ?PR?TIMER0?1616211014ºæÃÏ”Ó
            CODE    029BH     0039H     UNIT         ?C?LIB_CODE
            CODE    02D4H     000FH     UNIT         ?PR?DELAY?1616211014ºæÃÏ”Ó
            CODE    02E3H     000CH     UNIT         ?C_C51STARTUP



OVERLAY MAP OF MODULE:   16°¡16µ„’Û (?C_STARTUP)


SEGMENT                               DATA_GROUP 
  +--> CALLED SEGMENT               START    LENGTH
---------------------------------------------------
?C_C51STARTUP                       -----    -----
  +--> ?PR?MAIN?1616211014ºæÃÏ”Ó

?PR?MAIN?1616211014ºæÃÏ”Ó           000CH    0004H
  +--> ?CO?1616211014ºæÃÏ”Ó
  +--> ?PR?DELAY?1616211014ºæÃÏ”Ó



SYMBOL TABLE OF MODULE:  16°¡16µ„’Û (?C_STARTUP)

  VALUE           TYPE          NAME
  ----------------------------------
BL51 BANKED LINKER/LOCATER V6.22                                                      05/08/2018  13:06:08  PAGE 2



  -------         MODULE        ?C_STARTUP
  C:02E3H         SEGMENT       ?C_C51STARTUP
  I:0010H         SEGMENT       ?STACK
  C:0000H         PUBLIC        ?C_STARTUP
  D:00E0H         SYMBOL        ACC
  D:00F0H         SYMBOL        B
  D:0083H         SYMBOL        DPH
  D:0082H         SYMBOL        DPL
  N:0000H         SYMBOL        IBPSTACK
  N:0100H         SYMBOL        IBPSTACKTOP
  N:0080H         SYMBOL        IDATALEN
  C:02E6H         SYMBOL        IDATALOOP
  N:0000H         SYMBOL        PBPSTACK
  N:0000H         SYMBOL        PBPSTACKTOP
  N:0000H         SYMBOL        PDATALEN
  N:0000H         SYMBOL        PDATASTART
  N:0000H         SYMBOL        PPAGE
  N:0000H         SYMBOL        PPAGEENABLE
  D:00A0H         SYMBOL        PPAGE_SFR
  D:0081H         SYMBOL        SP
  C:02E3H         SYMBOL        STARTUP1
  N:0000H         SYMBOL        XBPSTACK
  N:0000H         SYMBOL        XBPSTACKTOP
  N:0000H         SYMBOL        XDATALEN
  N:0000H         SYMBOL        XDATASTART
  C:0000H         LINE#         92
  C:02E3H         LINE#         99
  C:02E5H         LINE#         100
  C:02E6H         LINE#         101
  C:02E7H         LINE#         102
  C:02E9H         LINE#         151
  C:02ECH         LINE#         155
  -------         ENDMOD        ?C_STARTUP

  -------         MODULE        1616211014ºæÃÏ”Ó
  C:0000H         SYMBOL        _ICE_DUMMY_
  D:0080H         PUBLIC        P0
  D:0090H         PUBLIC        P1
  D:00A0H         PUBLIC        P2
  D:00B0H         PUBLIC        P3
  B:00A8H.7       PUBLIC        EA
  D:0008H         PUBLIC        offset
  C:000EH         PUBLIC        table
  D:00A8H         PUBLIC        IE
  C:02D4H         PUBLIC        delay
  D:00B8H         PUBLIC        IP
  D:000AH         PUBLIC        flag
  C:018EH         PUBLIC        main
  D:0098H         PUBLIC        SCON
  D:0089H         PUBLIC        TMOD
  D:0088H         PUBLIC        TCON
  B:00A8H.1       PUBLIC        ET0
  B:0088H.5       PUBLIC        TF0
  D:008CH         PUBLIC        TH0
  D:008AH         PUBLIC        TL0
  C:0260H         PUBLIC        timer0
BL51 BANKED LINKER/LOCATER V6.22                                                      05/08/2018  13:06:08  PAGE 3


  B:0088H.4       PUBLIC        TR0
  D:00C8H         PUBLIC        T2CON
  D:000BH         PUBLIC        n
  D:00D0H         PUBLIC        PSW
  -------         PROC          MAIN
  -------         DO            
  D:000CH         SYMBOL        i
  D:000DH         SYMBOL        p
  -------         ENDDO         
  C:018EH         LINE#         38
  C:018EH         LINE#         39
  C:018EH         LINE#         42
  C:0191H         LINE#         43
  C:0194H         LINE#         44
  C:0197H         LINE#         45
  C:019AH         LINE#         46
  C:019DH         LINE#         47
  C:019FH         LINE#         48
  C:01A1H         LINE#         49
  C:01A3H         LINE#         51
  C:01ACH         LINE#         53
  C:01ACH         LINE#         54
  C:01ACH         LINE#         55
  C:01AFH         LINE#         56
  C:01AFH         LINE#         57
  C:01C8H         LINE#         58
  C:01CEH         LINE#         59
  C:01D1H         LINE#         61
  C:01F1H         LINE#         62
  C:01F7H         LINE#         63
  C:01FAH         LINE#         64
  C:0203H         LINE#         65
  C:020DH         LINE#         66
  C:020DH         LINE#         67
  C:0226H         LINE#         68
  C:022EH         LINE#         69
  C:0231H         LINE#         71
  C:0251H         LINE#         72
  C:0259H         LINE#         73
  C:025CH         LINE#         74
  -------         ENDPROC       MAIN
  -------         PROC          DELAY
  -------         DO            
  D:0006H         SYMBOL        i
  -------         ENDDO         
  C:02D4H         LINE#         79
  C:02D4H         LINE#         80
  C:02D4H         LINE#         82
  C:02E2H         LINE#         84
  -------         ENDPROC       DELAY
  -------         PROC          TIMER0
  C:0260H         LINE#         87
  C:0264H         LINE#         89
  C:0266H         LINE#         90
  C:0269H         LINE#         91
  C:026CH         LINE#         92
  C:0273H         LINE#         93
BL51 BANKED LINKER/LOCATER V6.22                                                      05/08/2018  13:06:08  PAGE 4


  C:0273H         LINE#         94
  C:0275H         LINE#         95
  C:0277H         LINE#         97
  C:0277H         LINE#         98
  C:0282H         LINE#         99
  C:028DH         LINE#         100
  C:0293H         LINE#         101
  C:0296H         LINE#         102
  C:0296H         LINE#         103
  -------         ENDPROC       TIMER0
  -------         ENDMOD        1616211014ºæÃÏ”Ó

  -------         MODULE        ?C?CLDOPTR
  C:029BH         PUBLIC        ?C?CLDOPTR
  -------         ENDMOD        ?C?CLDOPTR

  -------         MODULE        ?C?OFFXADD
  C:02C8H         PUBLIC        ?C?OFFXADD
  -------         ENDMOD        ?C?OFFXADD

Program Size: data=17.0 xdata=0 code=743
LINK/LOCATE RUN COMPLETE.  0 WARNING(S),  0 ERROR(S)
