BL51 BANKED LINKER/LOCATER V6.22                                                        06/13/2018  17:02:27  PAGE 1


BL51 BANKED LINKER/LOCATER V6.22, INVOKED BY:
E:\KEIL\C51\BIN\BL51.EXE STARTUP.obj, 1616211014¼¾ÌìÓî-µç×ÓÖÓ.obj TO 1616211014¼¾ÌìÓî-µç×ÓÖÓ


MEMORY MODEL: SMALL


INPUT MODULES INCLUDED:
  STARTUP.obj (?C_STARTUP)
  1616211014¼¾ÌìÓî-µç×ÓÖÓ.obj (1616211014¼¾ÌìÓî_µç×Ó_Ó)
  E:\KEIL\C51\LIB\C51S.LIB (?C_INIT)
  E:\KEIL\C51\LIB\C51S.LIB (?C?UIDIV)


LINK MAP OF MODULE:  1616211014¼¾ÌìÓî-µç×ÓÖÓ (?C_STARTUP)


            TYPE    BASE      LENGTH    RELOCATION   SEGMENT NAME
            -----------------------------------------------------

            * * * * * * *   D A T A   M E M O R Y   * * * * * * *
            REG     0000H     0008H     ABSOLUTE     "REG BANK 0"
            DATA    0008H     002DH     UNIT         ?DT?1616211014¼¾ÌìÓî_µç×Ó_Ó
            IDATA   0035H     0001H     UNIT         ?STACK

            * * * * * * *   C O D E   M E M O R Y   * * * * * * *
            CODE    0000H     0003H     ABSOLUTE     
            CODE    0003H     0003H     ABSOLUTE     
                    0006H     000DH                  *** GAP ***
            CODE    0013H     0003H     ABSOLUTE     
            CODE    0016H     00FDH     UNIT         ?PR?ALARMSET?1616211014¼¾ÌìÓî_µç×Ó_Ó
            CODE    0113H     00F7H     UNIT         ?PR?FUNCTION?1616211014¼¾ÌìÓî_µç×Ó_Ó
            CODE    020AH     00D9H     UNIT         ?PR?CONVERT?1616211014¼¾ÌìÓî_µç×Ó_Ó
            CODE    02E3H     008CH     UNIT         ?C_C51STARTUP
            CODE    036FH     005BH     UNIT         ?PR?ELIPSE?1616211014¼¾ÌìÓî_µç×Ó_Ó
            CODE    03CAH     0055H     UNIT         ?C?LIB_CODE
            CODE    041FH     003CH     UNIT         ?C_INITSEG
            CODE    045BH     003AH     UNIT         ?PR?ALARMCHECK?1616211014¼¾ÌìÓî_µç×Ó_Ó
            CODE    0495H     0039H     UNIT         ?PR?FLASH?1616211014¼¾ÌìÓî_µç×Ó_Ó
            CODE    04CEH     0039H     UNIT         ?PR?AFLASH?1616211014¼¾ÌìÓî_µç×Ó_Ó
            CODE    0507H     0032H     UNIT         ?PR?MAIN?1616211014¼¾ÌìÓî_µç×Ó_Ó
            CODE    0539H     001AH     UNIT         ?PR?_DELAY?1616211014¼¾ÌìÓî_µç×Ó_Ó
            CODE    0553H     000FH     UNIT         ?PR?PLUS?1616211014¼¾ÌìÓî_µç×Ó_Ó
            CODE    0562H     000FH     UNIT         ?PR?MINUS?1616211014¼¾ÌìÓî_µç×Ó_Ó



OVERLAY MAP OF MODULE:   1616211014¼¾ÌìÓî-µç×ÓÖÓ (?C_STARTUP)


SEGMENT
  +--> CALLED SEGMENT
---------------------
?C_C51STARTUP
  +--> ?PR?MAIN?1616211014¼¾ÌìÓî_µç×Ó_Ó
  +--> ?C_INITSEG

?PR?MAIN?1616211014¼¾ÌìÓî_µç×Ó_Ó
BL51 BANKED LINKER/LOCATER V6.22                                                      06/13/2018  17:02:27  PAGE 2


  +--> ?PR?CONVERT?1616211014¼¾ÌìÓî_µç×Ó_Ó
  +--> ?PR?ELIPSE?1616211014¼¾ÌìÓî_µç×Ó_Ó
  +--> ?PR?FLASH?1616211014¼¾ÌìÓî_µç×Ó_Ó
  +--> ?PR?ALARMCHECK?1616211014¼¾ÌìÓî_µç×Ó_Ó

?PR?FLASH?1616211014¼¾ÌìÓî_µç×Ó_Ó
  +--> ?PR?CONVERT?1616211014¼¾ÌìÓî_µç×Ó_Ó
  +--> ?PR?_DELAY?1616211014¼¾ÌìÓî_µç×Ó_Ó

*** NEW ROOT ***************************************************

?PR?FUNCTION?1616211014¼¾ÌìÓî_µç×Ó_Ó
  +--> ?PR?_DELAY?1616211014¼¾ÌìÓî_µç×Ó_Ó
  +--> ?PR?FLASH?1616211014¼¾ÌìÓî_µç×Ó_Ó
  +--> ?PR?PLUS?1616211014¼¾ÌìÓî_µç×Ó_Ó
  +--> ?PR?MINUS?1616211014¼¾ÌìÓî_µç×Ó_Ó
  +--> ?PR?CONVERT?1616211014¼¾ÌìÓî_µç×Ó_Ó

*** NEW ROOT ***************************************************

?PR?ALARMSET?1616211014¼¾ÌìÓî_µç×Ó_Ó
  +--> ?PR?_DELAY?1616211014¼¾ÌìÓî_µç×Ó_Ó
  +--> ?PR?AFLASH?1616211014¼¾ÌìÓî_µç×Ó_Ó
  +--> ?PR?PLUS?1616211014¼¾ÌìÓî_µç×Ó_Ó
  +--> ?PR?MINUS?1616211014¼¾ÌìÓî_µç×Ó_Ó
  +--> ?PR?CONVERT?1616211014¼¾ÌìÓî_µç×Ó_Ó

?PR?AFLASH?1616211014¼¾ÌìÓî_µç×Ó_Ó
  +--> ?PR?CONVERT?1616211014¼¾ÌìÓî_µç×Ó_Ó
  +--> ?PR?_DELAY?1616211014¼¾ÌìÓî_µç×Ó_Ó



SYMBOL TABLE OF MODULE:  1616211014¼¾ÌìÓî-µç×ÓÖÓ (?C_STARTUP)

  VALUE           TYPE          NAME
  ----------------------------------

  -------         MODULE        ?C_STARTUP
  C:02E3H         SEGMENT       ?C_C51STARTUP
  I:0035H         SEGMENT       ?STACK
  C:0000H         PUBLIC        ?C_STARTUP
  D:00E0H         SYMBOL        ACC
  D:00F0H         SYMBOL        B
  D:0083H         SYMBOL        DPH
  D:0082H         SYMBOL        DPL
  N:0000H         SYMBOL        IBPSTACK
  N:0100H         SYMBOL        IBPSTACKTOP
  N:0080H         SYMBOL        IDATALEN
  C:02E6H         SYMBOL        IDATALOOP
  N:0000H         SYMBOL        PBPSTACK
  N:0100H         SYMBOL        PBPSTACKTOP
  N:0000H         SYMBOL        PDATALEN
  N:0000H         SYMBOL        PDATASTART
  N:0000H         SYMBOL        PPAGE
  N:0000H         SYMBOL        PPAGEENABLE
  D:00A0H         SYMBOL        PPAGE_SFR
BL51 BANKED LINKER/LOCATER V6.22                                                      06/13/2018  17:02:27  PAGE 3


  D:0081H         SYMBOL        SP
  C:02E3H         SYMBOL        STARTUP1
  N:0000H         SYMBOL        XBPSTACK
  N:0000H         SYMBOL        XBPSTACKTOP
  N:0000H         SYMBOL        XDATALEN
  N:0000H         SYMBOL        XDATASTART
  C:0000H         LINE#         126
  C:02E3H         LINE#         133
  C:02E5H         LINE#         134
  C:02E6H         LINE#         135
  C:02E7H         LINE#         136
  C:02E9H         LINE#         185
  C:02ECH         LINE#         196
  -------         ENDMOD        ?C_STARTUP

  -------         MODULE        1616211014¼¾ÌìÓî_µç×Ó_Ó
  C:0000H         SYMBOL        _ICE_DUMMY_
  D:0008H         PUBLIC        second
  D:0080H         PUBLIC        P0
  D:0090H         PUBLIC        P1
  D:00A0H         PUBLIC        P2
  D:00B0H         PUBLIC        P3
  C:036FH         PUBLIC        elipse
  C:020AH         PUBLIC        convert
  B:00A8H.7       PUBLIC        EA
  D:000AH         PUBLIC        alarm
  C:0498H         PUBLIC        flash
  C:045BH         PUBLIC        alarmcheck
  C:053DH         PUBLIC        _delay
  B:00B0H.0       PUBLIC        P3_0
  B:00A0H.1       PUBLIC        P2_1
  B:00A0H.2       PUBLIC        P2_2
  B:00B0H.2       PUBLIC        P3_2
  B:00B0H.3       PUBLIC        P3_3
  B:00A0H.4       PUBLIC        P2_4
  D:0012H         PUBLIC        minute
  B:00A0H.5       PUBLIC        P2_5
  B:00A0H.6       PUBLIC        P2_6
  B:00A0H.7       PUBLIC        P2_7
  D:00B8H         PUBLIC        IP
  D:0014H         PUBLIC        value
  D:0016H         PUBLIC        ahour
  C:0507H         PUBLIC        main
  D:0018H         PUBLIC        count
  C:0562H         PUBLIC        minus
  D:001AH         PUBLIC        time
  D:0089H         PUBLIC        TMOD
  D:0022H         PUBLIC        hour
  D:0024H         PUBLIC        seg
  C:0553H         PUBLIC        plus
  B:00A8H.1       PUBLIC        ET0
  D:008CH         PUBLIC        TH0
  B:00A8H.0       PUBLIC        EX0
  B:0088H.0       PUBLIC        IT0
  B:00A8H.2       PUBLIC        EX1
  B:0088H.2       PUBLIC        IT1
  D:008AH         PUBLIC        TL0
BL51 BANKED LINKER/LOCATER V6.22                                                      06/13/2018  17:02:27  PAGE 4


  B:0088H.4       PUBLIC        TR0
  C:0016H         PUBLIC        alarmset
  D:002EH         PUBLIC        asecond
  D:0030H         PUBLIC        i
  C:0113H         PUBLIC        function
  D:0032H         PUBLIC        m
  C:04D1H         PUBLIC        aflash
  D:0033H         PUBLIC        aminute
  C:0539H         SYMBOL        L?0083
  -------         PROC          L?0082
  -------         ENDPROC       L?0082
  C:0539H         SYMBOL        L?0083
  -------         PROC          _DELAY
  D:0006H         SYMBOL        x
  -------         DO            
  D:0005H         SYMBOL        t
  -------         ENDDO         
  C:053DH         LINE#         30
  C:053DH         LINE#         32
  C:0547H         LINE#         33
  C:0552H         LINE#         34
  -------         ENDPROC       _DELAY
  -------         PROC          CONVERT
  C:020AH         LINE#         36
  C:020AH         LINE#         37
  C:021CH         LINE#         38
  C:022EH         LINE#         39
  C:0240H         LINE#         40
  C:0252H         LINE#         41
  C:0264H         LINE#         42
  C:0276H         LINE#         43
  C:0288H         LINE#         44
  C:029AH         LINE#         45
  C:02ACH         LINE#         46
  C:02BEH         LINE#         47
  C:02D0H         LINE#         48
  C:02E2H         LINE#         49
  -------         ENDPROC       CONVERT
  -------         PROC          ALARMCHECK
  C:045BH         LINE#         51
  C:045BH         LINE#         52
  C:0492H         LINE#         53
  C:0494H         LINE#         54
  -------         ENDPROC       ALARMCHECK
  -------         PROC          PLUS
  C:0553H         LINE#         56
  C:0553H         LINE#         57
  C:0556H         LINE#         58
  C:055EH         LINE#         59
  C:0561H         LINE#         60
  -------         ENDPROC       PLUS
  -------         PROC          MINUS
  C:0562H         LINE#         62
  C:0562H         LINE#         63
  C:0565H         LINE#         64
  C:056DH         LINE#         65
  C:0570H         LINE#         66
BL51 BANKED LINKER/LOCATER V6.22                                                      06/13/2018  17:02:27  PAGE 5


  -------         ENDPROC       MINUS
  -------         PROC          L?0084
  -------         ENDPROC       L?0084
  -------         PROC          FLASH
  C:0498H         LINE#         67
  C:0498H         LINE#         68
  C:049DH         LINE#         69
  C:04A0H         LINE#         70
  C:04A8H         LINE#         71
  C:04B5H         LINE#         72
  C:04BCH         LINE#         73
  C:04CDH         LINE#         74
  -------         ENDPROC       FLASH
  -------         PROC          L?0085
  -------         ENDPROC       L?0085
  -------         PROC          AFLASH
  C:04D1H         LINE#         76
  C:04D1H         LINE#         77
  C:04D6H         LINE#         78
  C:04D9H         LINE#         79
  C:04E1H         LINE#         80
  C:04EEH         LINE#         81
  C:04F5H         LINE#         82
  C:0506H         LINE#         83
  -------         ENDPROC       AFLASH
  -------         PROC          ELIPSE
  C:036FH         LINE#         85
  C:036FH         LINE#         86
  C:0377H         LINE#         87
  C:037DH         LINE#         88
  C:0381H         LINE#         89
  C:0389H         LINE#         90
  C:0389H         LINE#         91
  C:0394H         LINE#         92
  C:0399H         LINE#         93
  C:03A1H         LINE#         94
  C:03A1H         LINE#         95
  C:03ACH         LINE#         96
  C:03B1H         LINE#         97
  C:03B9H         LINE#         98
  C:03B9H         LINE#         99
  C:03C9H         LINE#         100
  -------         ENDPROC       ELIPSE
  -------         PROC          FUNCTION
  C:0113H         LINE#         101
  C:0128H         LINE#         102
  C:012AH         LINE#         103
  C:012CH         LINE#         104
  C:012EH         LINE#         105
  C:0131H         LINE#         106
  C:0137H         LINE#         107
  C:013AH         LINE#         108
  C:013DH         LINE#         109
  C:013DH         LINE#         110
  C:0140H         LINE#         111
  C:0146H         LINE#         112
  C:0149H         LINE#         113
BL51 BANKED LINKER/LOCATER V6.22                                                      06/13/2018  17:02:27  PAGE 6


  C:0154H         LINE#         114
  C:015AH         LINE#         115
  C:015DH         LINE#         116
  C:0164H         LINE#         117
  C:016AH         LINE#         118
  C:0170H         LINE#         119
  C:0172H         LINE#         120
  C:0175H         LINE#         121
  C:0177H         LINE#         122
  C:0179H         LINE#         123
  C:017CH         LINE#         124
  C:017CH         LINE#         125
  C:017FH         LINE#         126
  C:0185H         LINE#         127
  C:0188H         LINE#         128
  C:0193H         LINE#         129
  C:0199H         LINE#         130
  C:019CH         LINE#         131
  C:01A3H         LINE#         132
  C:01A9H         LINE#         133
  C:01AFH         LINE#         134
  C:01B1H         LINE#         135
  C:01B4H         LINE#         136
  C:01B6H         LINE#         137
  C:01B8H         LINE#         138
  C:01BBH         LINE#         139
  C:01BEH         LINE#         140
  C:01C1H         LINE#         141
  C:01C7H         LINE#         142
  C:01CAH         LINE#         143
  C:01D5H         LINE#         144
  C:01DBH         LINE#         145
  C:01DEH         LINE#         146
  C:01E5H         LINE#         147
  C:01EBH         LINE#         148
  C:01F1H         LINE#         149
  C:01F3H         LINE#         150
  C:01F5H         LINE#         151
  C:01F7H         LINE#         152
  -------         ENDPROC       FUNCTION
  -------         PROC          ALARMSET
  C:0016H         LINE#         154
  C:002BH         LINE#         155
  C:002DH         LINE#         156
  C:002FH         LINE#         157
  C:0031H         LINE#         158
  C:0033H         LINE#         159
  C:0035H         LINE#         160
  C:0038H         LINE#         161
  C:003EH         LINE#         162
  C:0041H         LINE#         163
  C:0044H         LINE#         164
  C:0044H         LINE#         165
  C:0047H         LINE#         166
  C:004DH         LINE#         167
  C:0050H         LINE#         168
  C:005BH         LINE#         169
BL51 BANKED LINKER/LOCATER V6.22                                                      06/13/2018  17:02:27  PAGE 7


  C:0061H         LINE#         170
  C:0064H         LINE#         171
  C:006BH         LINE#         172
  C:0071H         LINE#         173
  C:0077H         LINE#         174
  C:0079H         LINE#         175
  C:007CH         LINE#         176
  C:007EH         LINE#         177
  C:0080H         LINE#         178
  C:0083H         LINE#         179
  C:0083H         LINE#         180
  C:0086H         LINE#         181
  C:008CH         LINE#         182
  C:008FH         LINE#         183
  C:009AH         LINE#         184
  C:00A0H         LINE#         185
  C:00A3H         LINE#         186
  C:00AAH         LINE#         187
  C:00B0H         LINE#         188
  C:00B6H         LINE#         189
  C:00B8H         LINE#         190
  C:00BBH         LINE#         191
  C:00BDH         LINE#         192
  C:00BFH         LINE#         193
  C:00C2H         LINE#         194
  C:00C5H         LINE#         195
  C:00C8H         LINE#         196
  C:00CEH         LINE#         197
  C:00D1H         LINE#         198
  C:00DCH         LINE#         199
  C:00E2H         LINE#         200
  C:00E5H         LINE#         201
  C:00ECH         LINE#         202
  C:00F2H         LINE#         203
  C:00F8H         LINE#         204
  C:00FAH         LINE#         205
  C:00FCH         LINE#         206
  C:00FEH         LINE#         207
  C:0100H         LINE#         208
  -------         ENDPROC       ALARMSET
  -------         PROC          MAIN
  C:0507H         LINE#         211
  C:0507H         LINE#         212
  C:0509H         LINE#         213
  C:050BH         LINE#         214
  C:050DH         LINE#         215
  C:050FH         LINE#         216
  C:0511H         LINE#         217
  C:0514H         LINE#         218
  C:0516H         LINE#         219
  C:0519H         LINE#         220
  C:051CH         LINE#         221
  C:051FH         LINE#         222
  C:0522H         LINE#         223
  C:0525H         LINE#         224
  C:0527H         LINE#         225
  C:0529H         LINE#         226
BL51 BANKED LINKER/LOCATER V6.22                                                      06/13/2018  17:02:27  PAGE 8


  C:0529H         LINE#         227
  C:052BH         LINE#         228
  C:052EH         LINE#         229
  C:0531H         LINE#         230
  C:0534H         LINE#         231
  C:0537H         LINE#         232
  -------         ENDPROC       MAIN
  -------         ENDMOD        1616211014¼¾ÌìÓî_µç×Ó_Ó

  -------         MODULE        ?C?UIDIV
  C:03CAH         PUBLIC        ?C?UIDIV
  -------         ENDMOD        ?C?UIDIV

Program Size: data=54.0 xdata=0 code=1380
LINK/LOCATE RUN COMPLETE.  0 WARNING(S),  0 ERROR(S)
